// Jest Snapshot v1, https://goo.gl/fbAQLP

exports[`Home page test Snapshot 1`] = `null`;
